+ O=/workspace/out
+ D=/root/fwe
+ R=/workspace/out/eva_vet
+ mkdir -p /workspace/out /workspace/out/eva_vet
+ python3 -m pip install -q einops packaging tokenizers huggingface_hub datasets pytest pyarrow 'transformers>=4.48'
+ tail -1
+ nvidia-smi --query-gpu=name,memory.total --format=csv,noheader
NVIDIA A100-SXM4-80GB, 81920 MiB
+ python3 -m pytest -q tests/models/test_gts_l.py
+ tail -3
...                                                                      [100%]
3 passed in 29.52s
+ for i in 1 2
+ '[' -f /root/fwe/meta.json ']'
+ timeout 25m python3 scripts/mohawk_distill.py prep --out /root/fwe --workers 14
downloading sample/10BT/000_00000.parquet ...
  726,000 documents in 726 row groups; tokenising with 14 workers (3 s)
Warning: You are sending unauthenticated requests to the HF Hub. Please set a HF_TOKEN to enable higher rate limits and faster downloads.
Warning: You are sending unauthenticated requests to the HF Hub. Please set a HF_TOKEN to enable higher rate limits and faster downloads.
Warning: You are sending unauthenticated requests to the HF Hub. Please set a HF_TOKEN to enable higher rate limits and faster downloads.
Warning: You are sending unauthenticated requests to the HF Hub. Please set a HF_TOKEN to enable higher rate limits and faster downloads.
Warning: You are sending unauthenticated requests to the HF Hub. Please set a HF_TOKEN to enable higher rate limits and faster downloads.
Warning: You are sending unauthenticated requests to the HF Hub. Please set a HF_TOKEN to enable higher rate limits and faster downloads.
Warning: You are sending unauthenticated requests to the HF Hub. Please set a HF_TOKEN to enable higher rate limits and faster downloads.
Warning: You are sending unauthenticated requests to the HF Hub. Please set a HF_TOKEN to enable higher rate limits and faster downloads.
Warning: You are sending unauthenticated requests to the HF Hub. Please set a HF_TOKEN to enable higher rate limits and faster downloads.
Warning: You are sending unauthenticated requests to the HF Hub. Please set a HF_TOKEN to enable higher rate limits and faster downloads.
Warning: You are sending unauthenticated requests to the HF Hub. Please set a HF_TOKEN to enable higher rate limits and faster downloads.
Warning: You are sending unauthenticated requests to the HF Hub. Please set a HF_TOKEN to enable higher rate limits and faster downloads.
Warning: You are sending unauthenticated requests to the HF Hub. Please set a HF_TOKEN to enable higher rate limits and faster downloads.
Warning: You are sending unauthenticated requests to the HF Hub. Please set a HF_TOKEN to enable higher rate limits and faster downloads.
sample/10BT/000_00000.parquet: 726,000 documents, 749,757,239 tokens so far (110 s)
train 747,757,239 tokens, val 2,000,000 (111 s)
+ for i in 1 2
+ '[' -f /root/fwe/meta.json ']'
+ ARGS='--data /root/fwe --out /workspace/out/eva_vet --stage1-tokens 14e6 --stage2-tokens 47e6 --stage3-tokens 125e6 --ckpt-minutes 5 --eval-minutes 20 --log-every 50 --price-per-hour 1.59'
+ timeout 25m python3 scripts/mohawk_distill.py train --data /root/fwe --out /workspace/out/eva_vet --stage1-tokens 14e6 --stage2-tokens 47e6 --stage3-tokens 125e6 --ckpt-minutes 5 --eval-minutes 20 --log-every 50 --price-per-hour 1.59
+ tee -a /workspace/out/eva_vet/train.log
Warning: You are sending unauthenticated requests to the HF Hub. Please set a HF_TOKEN to enable higher rate limits and faster downloads.

teacher answerdotai/ModernBERT-large; student GTS-L 405.4M parameters (GTSLConfig(vocab_size=50368, d_model=1024, n_layer=28, n_heads=16, d_state=64, deep_trees=4, deep_depth=9, ternary_group=128, act_bits=8, norm_eps=1e-05, chunk_size=256, pad_token_id=50283)); data 747,757,239 training tokens; budgets 14M / 47M / 125M tokens
== stage1: 14M tokens, from 0.0M
  [stage1] step      3       0.0M / 14M tokens     11,024 tokens/s  $40.06 per 1B tokens  matrix_rel 15.8978  0.0 min, ~0.4 h left in stage
  [stage1] step     50       0.2M / 14M tokens     15,410 tokens/s  $28.66 per 1B tokens  matrix_rel 3.0755  0.2 min, ~0.2 h left in stage
  [stage1] step    100       0.4M / 14M tokens     15,611 tokens/s  $28.29 per 1B tokens  matrix_rel 0.9472  0.4 min, ~0.2 h left in stage
  [stage1] step    150       0.6M / 14M tokens     15,680 tokens/s  $28.17 per 1B tokens  matrix_rel 0.6655  0.7 min, ~0.2 h left in stage
  [stage1] step    200       0.8M / 14M tokens     15,714 tokens/s  $28.11 per 1B tokens  matrix_rel 0.5714  0.9 min, ~0.2 h left in stage
  [stage1] step    250       1.0M / 14M tokens     15,734 tokens/s  $28.07 per 1B tokens  matrix_rel 0.5452  1.1 min, ~0.2 h left in stage
  [stage1] step    300       1.2M / 14M tokens     15,747 tokens/s  $28.05 per 1B tokens  matrix_rel 0.5220  1.3 min, ~0.2 h left in stage
  [stage1] step    350       1.4M / 14M tokens     15,752 tokens/s  $28.04 per 1B tokens  matrix_rel 0.4741  1.5 min, ~0.2 h left in stage
  [stage1] step    400       1.6M / 14M tokens     15,756 tokens/s  $28.03 per 1B tokens  matrix_rel 0.4581  1.7 min, ~0.2 h left in stage
  [stage1] step    450       1.8M / 14M tokens     15,759 tokens/s  $28.03 per 1B tokens  matrix_rel 0.4129  1.9 min, ~0.2 h left in stage
  [stage1] step    500       2.0M / 14M tokens     15,762 tokens/s  $28.02 per 1B tokens  matrix_rel 0.4084  2.2 min, ~0.2 h left in stage
  [stage1] step    550       2.3M / 14M tokens     15,766 tokens/s  $28.01 per 1B tokens  matrix_rel 0.4110  2.4 min, ~0.2 h left in stage
  [stage1] step    600       2.5M / 14M tokens     15,771 tokens/s  $28.00 per 1B tokens  matrix_rel 0.3852  2.6 min, ~0.2 h left in stage
  [stage1] step    650       2.7M / 14M tokens     15,775 tokens/s  $28.00 per 1B tokens  matrix_rel 0.3869  2.8 min, ~0.2 h left in stage
  [stage1] step    700       2.9M / 14M tokens     15,779 tokens/s  $27.99 per 1B tokens  matrix_rel 0.4123  3.0 min, ~0.2 h left in stage
  [stage1] step    750       3.1M / 14M tokens     15,782 tokens/s  $27.98 per 1B tokens  matrix_rel 0.3660  3.2 min, ~0.2 h left in stage
  [stage1] step    800       3.3M / 14M tokens     15,785 tokens/s  $27.98 per 1B tokens  matrix_rel 0.3607  3.5 min, ~0.2 h left in stage
  [stage1] step    850       3.5M / 14M tokens     15,787 tokens/s  $27.98 per 1B tokens  matrix_rel 0.3515  3.7 min, ~0.2 h left in stage
  [stage1] step    900       3.7M / 14M tokens     15,789 tokens/s  $27.97 per 1B tokens  matrix_rel 0.3630  3.9 min, ~0.2 h left in stage
  [stage1] step    950       3.9M / 14M tokens     15,791 tokens/s  $27.97 per 1B tokens  matrix_rel 0.3505  4.1 min, ~0.2 h left in stage
  [stage1] step   1000       4.1M / 14M tokens     15,793 tokens/s  $27.97 per 1B tokens  matrix_rel 0.3474  4.3 min, ~0.2 h left in stage
  [stage1] step   1050       4.3M / 14M tokens     15,795 tokens/s  $27.96 per 1B tokens  matrix_rel 0.3341  4.5 min, ~0.2 h left in stage
  [stage1] step   1100       4.5M / 14M tokens     15,796 tokens/s  $27.96 per 1B tokens  matrix_rel 0.3363  4.8 min, ~0.2 h left in stage
  [stage1] step   1150       4.7M / 14M tokens     15,797 tokens/s  $27.96 per 1B tokens  matrix_rel 0.3308  5.0 min, ~0.2 h left in stage
  [stage1] step   1200       4.9M / 14M tokens     15,701 tokens/s  $28.13 per 1B tokens  matrix_rel 0.3334  5.2 min, ~0.2 h left in stage
  [stage1] step   1250       5.1M / 14M tokens     15,706 tokens/s  $28.12 per 1B tokens  matrix_rel 0.3220  5.4 min, ~0.2 h left in stage
  [stage1] step   1300       5.3M / 14M tokens     15,710 tokens/s  $28.11 per 1B tokens  matrix_rel 0.3020  5.6 min, ~0.2 h left in stage
  [stage1] step   1350       5.5M / 14M tokens     15,715 tokens/s  $28.11 per 1B tokens  matrix_rel 0.3071  5.9 min, ~0.1 h left in stage
  [stage1] step   1400       5.7M / 14M tokens     15,718 tokens/s  $28.10 per 1B tokens  matrix_rel 0.3017  6.1 min, ~0.1 h left in stage
  [stage1] step   1450       5.9M / 14M tokens     15,722 tokens/s  $28.09 per 1B tokens  matrix_rel 0.3292  6.3 min, ~0.1 h left in stage
  [stage1] step   1500       6.1M / 14M tokens     15,726 tokens/s  $28.09 per 1B tokens  matrix_rel 0.3127  6.5 min, ~0.1 h left in stage
  [stage1] step   1550       6.3M / 14M tokens     15,729 tokens/s  $28.08 per 1B tokens  matrix_rel 0.3045  6.7 min, ~0.1 h left in stage
  [stage1] step   1600       6.6M / 14M tokens     15,732 tokens/s  $28.07 per 1B tokens  matrix_rel 0.2966  6.9 min, ~0.1 h left in stage
  [stage1] step   1650       6.8M / 14M tokens     15,735 tokens/s  $28.07 per 1B tokens  matrix_rel 0.3138  7.2 min, ~0.1 h left in stage
  [stage1] step   1700       7.0M / 14M tokens     15,737 tokens/s  $28.06 per 1B tokens  matrix_rel 0.2928  7.4 min, ~0.1 h left in stage
  [stage1] step   1750       7.2M / 14M tokens     15,740 tokens/s  $28.06 per 1B tokens  matrix_rel 0.2861  7.6 min, ~0.1 h left in stage
  [stage1] step   1800       7.4M / 14M tokens     15,742 tokens/s  $28.06 per 1B tokens  matrix_rel 0.2938  7.8 min, ~0.1 h left in stage
  [stage1] step   1850       7.6M / 14M tokens     15,745 tokens/s  $28.05 per 1B tokens  matrix_rel 0.2785  8.0 min, ~0.1 h left in stage
  [stage1] step   1900       7.8M / 14M tokens     15,747 tokens/s  $28.05 per 1B tokens  matrix_rel 0.2859  8.2 min, ~0.1 h left in stage
  [stage1] step   1950       8.0M / 14M tokens     15,749 tokens/s  $28.04 per 1B tokens  matrix_rel 0.2846  8.5 min, ~0.1 h left in stage
  [stage1] step   2000       8.2M / 14M tokens     15,751 tokens/s  $28.04 per 1B tokens  matrix_rel 0.2809  8.7 min, ~0.1 h left in stage
  [stage1] step   2050       8.4M / 14M tokens     15,753 tokens/s  $28.04 per 1B tokens  matrix_rel 0.2869  8.9 min, ~0.1 h left in stage
  [stage1] step   2100       8.6M / 14M tokens     15,754 tokens/s  $28.03 per 1B tokens  matrix_rel 0.2950  9.1 min, ~0.1 h left in stage
  [stage1] step   2150       8.8M / 14M tokens     15,756 tokens/s  $28.03 per 1B tokens  matrix_rel 0.2763  9.3 min, ~0.1 h left in stage
  [stage1] step   2200       9.0M / 14M tokens     15,758 tokens/s  $28.03 per 1B tokens  matrix_rel 0.2860  9.5 min, ~0.1 h left in stage
  [stage1] step   2250       9.2M / 14M tokens     15,759 tokens/s  $28.03 per 1B tokens  matrix_rel 0.2796  9.7 min, ~0.1 h left in stage
  [stage1] step   2300       9.4M / 14M tokens     15,761 tokens/s  $28.02 per 1B tokens  matrix_rel 0.2823  10.0 min, ~0.1 h left in stage
  [stage1] step   2350       9.6M / 14M tokens     15,724 tokens/s  $28.09 per 1B tokens  matrix_rel 0.2798  10.2 min, ~0.1 h left in stage
  [stage1] step   2400       9.8M / 14M tokens     15,726 tokens/s  $28.08 per 1B tokens  matrix_rel 0.2783  10.4 min, ~0.1 h left in stage
  [stage1] step   2450      10.0M / 14M tokens     15,728 tokens/s  $28.08 per 1B tokens  matrix_rel 0.2733  10.6 min, ~0.1 h left in stage
  [stage1] step   2500      10.2M / 14M tokens     15,730 tokens/s  $28.08 per 1B tokens  matrix_rel 0.2678  10.8 min, ~0.1 h left in stage
  [stage1] step   2550      10.4M / 14M tokens     15,732 tokens/s  $28.07 per 1B tokens  matrix_rel 0.2735  11.1 min, ~0.1 h left in stage
  [stage1] step   2600      10.6M / 14M tokens     15,734 tokens/s  $28.07 per 1B tokens  matrix_rel 0.2698  11.3 min, ~0.1 h left in stage
  [stage1] step   2650      10.9M / 14M tokens     15,735 tokens/s  $28.07 per 1B tokens  matrix_rel 0.2692  11.5 min, ~0.1 h left in stage
  [stage1] step   2700      11.1M / 14M tokens     15,737 tokens/s  $28.07 per 1B tokens  matrix_rel 0.2700  11.7 min, ~0.1 h left in stage
  [stage1] step   2750      11.3M / 14M tokens     15,739 tokens/s  $28.06 per 1B tokens  matrix_rel 0.2736  11.9 min, ~0.0 h left in stage
  [stage1] step   2800      11.5M / 14M tokens     15,740 tokens/s  $28.06 per 1B tokens  matrix_rel 0.2726  12.1 min, ~0.0 h left in stage
  [stage1] step   2850      11.7M / 14M tokens     15,742 tokens/s  $28.06 per 1B tokens  matrix_rel 0.2727  12.4 min, ~0.0 h left in stage
  [stage1] step   2900      11.9M / 14M tokens     15,743 tokens/s  $28.05 per 1B tokens  matrix_rel 0.2682  12.6 min, ~0.0 h left in stage
  [stage1] step   2950      12.1M / 14M tokens     15,744 tokens/s  $28.05 per 1B tokens  matrix_rel 0.2739  12.8 min, ~0.0 h left in stage
  [stage1] step   3000      12.3M / 14M tokens     15,746 tokens/s  $28.05 per 1B tokens  matrix_rel 0.2819  13.0 min, ~0.0 h left in stage
  [stage1] step   3050      12.5M / 14M tokens     15,747 tokens/s  $28.05 per 1B tokens  matrix_rel 0.2682  13.2 min, ~0.0 h left in stage
  [stage1] step   3100      12.7M / 14M tokens     15,748 tokens/s  $28.05 per 1B tokens  matrix_rel 0.2583  13.4 min, ~0.0 h left in stage
  [stage1] step   3150      12.9M / 14M tokens     15,749 tokens/s  $28.04 per 1B tokens  matrix_rel 0.2590  13.7 min, ~0.0 h left in stage
  [stage1] step   3200      13.1M / 14M tokens     15,750 tokens/s  $28.04 per 1B tokens  matrix_rel 0.2599  13.9 min, ~0.0 h left in stage
  [stage1] step   3250      13.3M / 14M tokens     15,751 tokens/s  $28.04 per 1B tokens  matrix_rel 0.2585  14.1 min, ~0.0 h left in stage
  [stage1] step   3300      13.5M / 14M tokens     15,752 tokens/s  $28.04 per 1B tokens  matrix_rel 0.2551  14.3 min, ~0.0 h left in stage
  [stage1] step   3350      13.7M / 14M tokens     15,753 tokens/s  $28.04 per 1B tokens  matrix_rel 0.2625  14.5 min, ~0.0 h left in stage
  [stage1] step   3400      13.9M / 14M tokens     15,754 tokens/s  $28.03 per 1B tokens  matrix_rel 0.2585  14.7 min, ~0.0 h left in stage
  [stage1] step   3418      14.0M / 14M tokens     15,755 tokens/s  $28.03 per 1B tokens  matrix_rel 0.2522  14.8 min, ~-0.0 h left in stage
== stage2: 47M tokens, from 0.0M
  [stage2] step      3       0.0M / 47M tokens        721 tokens/s  $612.36 per 1B tokens  attn_rel 0.3406  mlp_rel 1.0017  1.1 min, ~18.1 h left in stage
  [stage2] step     50       0.8M / 47M tokens      8,339 tokens/s  $52.96 per 1B tokens  attn_rel 0.2647  mlp_rel 0.9736  1.6 min, ~1.5 h left in stage
  [stage2] step    100       1.6M / 47M tokens     12,575 tokens/s  $35.12 per 1B tokens  attn_rel 0.2425  mlp_rel 0.8562  2.2 min, ~1.0 h left in stage
  [stage2] step    150       2.5M / 47M tokens     15,136 tokens/s  $29.18 per 1B tokens  attn_rel 0.3161  mlp_rel 0.7214  2.7 min, ~0.8 h left in stage
  [stage2] step    200       3.3M / 47M tokens     16,853 tokens/s  $26.21 per 1B tokens  attn_rel 0.2414  mlp_rel 0.6367  3.2 min, ~0.7 h left in stage
  [stage2] step    250       4.1M / 47M tokens     18,085 tokens/s  $24.42 per 1B tokens  attn_rel 0.2794  mlp_rel 0.5857  3.8 min, ~0.7 h left in stage
  [stage2] step    300       4.9M / 47M tokens     19,001 tokens/s  $23.24 per 1B tokens  attn_rel 0.3069  mlp_rel 0.5335  4.3 min, ~0.6 h left in stage
  [stage2] step    350       5.7M / 47M tokens     19,722 tokens/s  $22.39 per 1B tokens  attn_rel 0.2701  mlp_rel 0.4830  4.8 min, ~0.6 h left in stage
  [stage2] step    400       6.6M / 47M tokens     20,103 tokens/s  $21.97 per 1B tokens  attn_rel 0.3360  mlp_rel 0.4515  5.4 min, ~0.6 h left in stage
  [stage2] step    450       7.4M / 47M tokens     20,591 tokens/s  $21.45 per 1B tokens  attn_rel 0.2351  mlp_rel 0.4195  6.0 min, ~0.5 h left in stage
  [stage2] step    500       8.2M / 47M tokens     21,000 tokens/s  $21.03 per 1B tokens  attn_rel 0.2155  mlp_rel 0.3924  6.5 min, ~0.5 h left in stage
  [stage2] step    550       9.0M / 47M tokens     21,346 tokens/s  $20.69 per 1B tokens  attn_rel 0.2037  mlp_rel 0.3759  7.0 min, ~0.5 h left in stage
  [stage2] step    600       9.8M / 47M tokens     21,644 tokens/s  $20.41 per 1B tokens  attn_rel 0.2380  mlp_rel 0.3664  7.6 min, ~0.5 h left in stage
  [stage2] step    650      10.6M / 47M tokens     21,903 tokens/s  $20.16 per 1B tokens  attn_rel 0.2894  mlp_rel 0.3448  8.1 min, ~0.5 h left in stage
  [stage2] step    700      11.5M / 47M tokens     22,129 tokens/s  $19.96 per 1B tokens  attn_rel 0.2322  mlp_rel 0.3368  8.6 min, ~0.4 h left in stage
  [stage2] step    750      12.3M / 47M tokens     22,330 tokens/s  $19.78 per 1B tokens  attn_rel 0.2043  mlp_rel 0.3349  9.2 min, ~0.4 h left in stage
  [stage2] step    800      13.1M / 47M tokens     22,508 tokens/s  $19.62 per 1B tokens  attn_rel 0.2254  mlp_rel 0.3281  9.7 min, ~0.4 h left in stage
+ echo '=== killed after 25 minutes; resuming ==='
=== killed after 25 minutes; resuming ===
+ python3 scripts/mohawk_distill.py train --data /root/fwe --out /workspace/out/eva_vet --stage1-tokens 14e6 --stage2-tokens 47e6 --stage3-tokens 125e6 --ckpt-minutes 5 --eval-minutes 20 --log-every 50 --price-per-hour 1.59
+ tee -a /workspace/out/eva_vet/train.log

Traceback (most recent call last):
  File "/root/moth/gts/scripts/mohawk_distill.py", line 435, in <module>
    main()
  File "/root/moth/gts/scripts/mohawk_distill.py", line 431, in main
    prep(a) if a.cmd == "prep" else train(a)
                                    ^^^^^^^^
  File "/root/moth/gts/scripts/mohawk_distill.py", line 221, in train
    student.load_state_dict(st["model"])
  File "/usr/local/lib/python3.12/dist-packages/torch/nn/modules/module.py", line 2624, in load_state_dict
    raise RuntimeError(
RuntimeError: Error(s) in loading state_dict for GTSLForMaskedLM:
	Missing key(s) in state_dict: "layers.0.deep.node_in", "layers.0.deep.node_bias", "layers.0.deep.node_out", "layers.1.deep.node_in", "layers.1.deep.node_bias", "layers.1.deep.node_out", "layers.2.deep.node_in", "layers.2.deep.node_bias", "layers.2.deep.node_out", "layers.3.deep.node_in", "layers.3.deep.node_bias", "layers.3.deep.node_out", "layers.4.deep.node_in", "layers.4.deep.node_bias", "layers.4.deep.node_out", "layers.5.deep.node_in", "layers.5.deep.node_bias", "layers.5.deep.node_out", "layers.6.deep.node_in", "layers.6.deep.node_bias", "layers.6.deep.node_out", "layers.7.deep.node_in", "layers.7.deep.node_bias", "layers.7.deep.node_out", "layers.8.deep.node_in", "layers.8.deep.node_bias", "layers.8.deep.node_out", "layers.9.deep.node_in", "layers.9.deep.node_bias", "layers.9.deep.node_out", "layers.10.deep.node_in", "layers.10.deep.node_bias", "layers.10.deep.node_out", "layers.11.deep.node_in", "layers.11.deep.node_bias", "layers.11.deep.node_out", "layers.12.deep.node_in", "layers.12.deep.node_bias", "layers.12.deep.node_out", "layers.13.deep.node_in", "layers.13.deep.node_bias", "layers.13.deep.node_out", "layers.14.deep.node_in", "layers.14.deep.node_bias", "layers.14.deep.node_out", "layers.15.deep.node_in", "layers.15.deep.node_bias", "layers.15.deep.node_out", "layers.16.deep.node_in", "layers.16.deep.node_bias", "layers.16.deep.node_out", "layers.17.deep.node_in", "layers.17.deep.node_bias", "layers.17.deep.node_out", "layers.18.deep.node_in", "layers.18.deep.node_bias", "layers.18.deep.node_out", "layers.19.deep.node_in", "layers.19.deep.node_bias", "layers.19.deep.node_out", "layers.20.deep.node_in", "layers.20.deep.node_bias", "layers.20.deep.node_out", "layers.21.deep.node_in", "layers.21.deep.node_bias", "layers.21.deep.node_out", "layers.22.deep.node_in", "layers.22.deep.node_bias", "layers.22.deep.node_out", "layers.23.deep.node_in", "layers.23.deep.node_bias", "layers.23.deep.node_out", "layers.24.deep.node_in", "layers.24.deep.node_bias", "layers.24.deep.node_out", "layers.25.deep.node_in", "layers.25.deep.node_bias", "layers.25.deep.node_out", "layers.26.deep.node_in", "layers.26.deep.node_bias", "layers.26.deep.node_out", "layers.27.deep.node_in", "layers.27.deep.node_bias", "layers.27.deep.node_out". 
	Unexpected key(s) in state_dict: "layers.0.deep._orig_mod.node_in", "layers.0.deep._orig_mod.node_bias", "layers.0.deep._orig_mod.node_out", "layers.1.deep._orig_mod.node_in", "layers.1.deep._orig_mod.node_bias", "layers.1.deep._orig_mod.node_out", "layers.2.deep._orig_mod.node_in", "layers.2.deep._orig_mod.node_bias", "layers.2.deep._orig_mod.node_out", "layers.3.deep._orig_mod.node_in", "layers.3.deep._orig_mod.node_bias", "layers.3.deep._orig_mod.node_out", "layers.4.deep._orig_mod.node_in", "layers.4.deep._orig_mod.node_bias", "layers.4.deep._orig_mod.node_out", "layers.5.deep._orig_mod.node_in", "layers.5.deep._orig_mod.node_bias", "layers.5.deep._orig_mod.node_out", "layers.6.deep._orig_mod.node_in", "layers.6.deep._orig_mod.node_bias", "layers.6.deep._orig_mod.node_out", "layers.7.deep._orig_mod.node_in", "layers.7.deep._orig_mod.node_bias", "layers.7.deep._orig_mod.node_out", "layers.8.deep._orig_mod.node_in", "layers.8.deep._orig_mod.node_bias", "layers.8.deep._orig_mod.node_out", "layers.9.deep._orig_mod.node_in", "layers.9.deep._orig_mod.node_bias", "layers.9.deep._orig_mod.node_out", "layers.10.deep._orig_mod.node_in", "layers.10.deep._orig_mod.node_bias", "layers.10.deep._orig_mod.node_out", "layers.11.deep._orig_mod.node_in", "layers.11.deep._orig_mod.node_bias", "layers.11.deep._orig_mod.node_out", "layers.12.deep._orig_mod.node_in", "layers.12.deep._orig_mod.node_bias", "layers.12.deep._orig_mod.node_out", "layers.13.deep._orig_mod.node_in", "layers.13.deep._orig_mod.node_bias", "layers.13.deep._orig_mod.node_out", "layers.14.deep._orig_mod.node_in", "layers.14.deep._orig_mod.node_bias", "layers.14.deep._orig_mod.node_out", "layers.15.deep._orig_mod.node_in", "layers.15.deep._orig_mod.node_bias", "layers.15.deep._orig_mod.node_out", "layers.16.deep._orig_mod.node_in", "layers.16.deep._orig_mod.node_bias", "layers.16.deep._orig_mod.node_out", "layers.17.deep._orig_mod.node_in", "layers.17.deep._orig_mod.node_bias", "layers.17.deep._orig_mod.node_out", "layers.18.deep._orig_mod.node_in", "layers.18.deep._orig_mod.node_bias", "layers.18.deep._orig_mod.node_out", "layers.19.deep._orig_mod.node_in", "layers.19.deep._orig_mod.node_bias", "layers.19.deep._orig_mod.node_out", "layers.20.deep._orig_mod.node_in", "layers.20.deep._orig_mod.node_bias", "layers.20.deep._orig_mod.node_out", "layers.21.deep._orig_mod.node_in", "layers.21.deep._orig_mod.node_bias", "layers.21.deep._orig_mod.node_out", "layers.22.deep._orig_mod.node_in", "layers.22.deep._orig_mod.node_bias", "layers.22.deep._orig_mod.node_out", "layers.23.deep._orig_mod.node_in", "layers.23.deep._orig_mod.node_bias", "layers.23.deep._orig_mod.node_out", "layers.24.deep._orig_mod.node_in", "layers.24.deep._orig_mod.node_bias", "layers.24.deep._orig_mod.node_out", "layers.25.deep._orig_mod.node_in", "layers.25.deep._orig_mod.node_bias", "layers.25.deep._orig_mod.node_out", "layers.26.deep._orig_mod.node_in", "layers.26.deep._orig_mod.node_bias", "layers.26.deep._orig_mod.node_out", "layers.27.deep._orig_mod.node_in", "layers.27.deep._orig_mod.node_bias", "layers.27.deep._orig_mod.node_out". 
++ date -u +%T
+ echo '=== DONE 22:55:57 ==='
=== DONE 22:55:57 ===
