# GTS-L CPU runtime (kernel/gtsl_bench.c), 2026-10-08, Intel(R) Xeon(R) Processor @ 2.10GHz, 4 cores, AVX-512 VNNI
# full GTS-L shape (28 layers, width 1024, BiSSD 16 x 64x64, trees 4 x depth 9), random ternary weights, sequence 512
[1 thread(s), linear rank 0]   sequence 512: 552.20 ms (best of 3) = 1078.5 us per token = 927 tokens/s.  Share: in_proj 44%, scans 19%, out_proj 20%, trees 18%, linear path 0%
[1 thread(s), linear rank 128]   sequence 512: 596.22 ms (best of 3) = 1164.5 us per token = 859 tokens/s.  Share: in_proj 41%, scans 18%, out_proj 19%, trees 17%, linear path 5%
[4 thread(s), linear rank 0]   sequence 512: 171.03 ms (best of 3) = 334.0 us per token = 2994 tokens/s.  Share: in_proj 43%, scans 19%, out_proj 21%, trees 17%, linear path 0%
[4 thread(s), linear rank 128]   sequence 512: 169.05 ms (best of 3) = 330.2 us per token = 3029 tokens/s.  Share: in_proj 39%, scans 19%, out_proj 19%, trees 17%, linear path 6%
# ModernBERT-large (the teacher), float32 PyTorch 2.14.1+cpu, same machine
ModernBERT-large, float32 PyTorch, 1 thread(s), sequence 512: 3307 ms = 155 tokens/s
ModernBERT-large, float32 PyTorch, 4 thread(s), sequence 512: 874 ms = 586 tokens/s

# 2026-10-08 02:15 AMX: int8 GEMM (tile-packed activations), chunked bf16 scans, grouped tree walks with prefetch
[1 thread(s), rank 128 AMX]   sequence 512: 344.85 ms (best of 3) = 673.5 us per token = 1485 tokens/s.  Share: in_proj 30%, scans 25%, out_proj 18%, trees 22%, linear path 5%
[1 thread(s), rank 128 AMX]     within: LN1 + int8 3%, dt 5%, in GEMM 22%, combine + int8 10%, out GEMM 8%
[1 thread(s), rank 128 GTSL_ROWSCALE=1]   sequence 512: 370.01 ms (best of 3) = 722.7 us per token = 1384 tokens/s.  Share: in_proj 29%, scans 26%, out_proj 17%, trees 23%, linear path 5%
[1 thread(s), rank 128 GTSL_ROWSCALE=1]     within: LN1 + int8 3%, dt 5%, in GEMM 20%, combine + int8 10%, out GEMM 7%
[1 thread(s), rank 128 GTSL_NOAMX=1]   sequence 512: 604.21 ms (best of 3) = 1180.1 us per token = 847 tokens/s.  Share: in_proj 45%, scans 19%, out_proj 20%, trees 12%, linear path 5%
[1 thread(s), rank 128 GTSL_NOAMX=1]     within: LN1 + int8 2%, dt 3%, in GEMM 40%, combine + int8 6%, out GEMM 14%
[4 thread(s), rank 128 AMX]   sequence 512: 101.17 ms (best of 3) = 197.6 us per token = 5061 tokens/s.  Share: in_proj 30%, scans 25%, out_proj 18%, trees 20%, linear path 7%
[4 thread(s), rank 128 AMX]     within: LN1 + int8 2%, dt 5%, in GEMM 22%, combine + int8 9%, out GEMM 9%
[4 thread(s), rank 128 GTSL_ROWSCALE=1]   sequence 512: 99.39 ms (best of 3) = 194.1 us per token = 5152 tokens/s.  Share: in_proj 27%, scans 28%, out_proj 17%, trees 20%, linear path 7%
[4 thread(s), rank 128 GTSL_ROWSCALE=1]     within: LN1 + int8 2%, dt 5%, in GEMM 20%, combine + int8 9%, out GEMM 8%
[4 thread(s), rank 128 GTSL_NOAMX=1]   sequence 512: 175.58 ms (best of 3) = 342.9 us per token = 2916 tokens/s.  Share: in_proj 42%, scans 19%, out_proj 21%, trees 12%, linear path 6%
[4 thread(s), rank 128 GTSL_NOAMX=1]     within: LN1 + int8 2%, dt 3%, in GEMM 38%, combine + int8 7%, out GEMM 14%
# ModernBERT-large, PyTorch, 4 threads, same machine: float32 586, dynamic int8 954, bf16 (AMX) 1,524 tokens/s
