+ O=/workspace/out
+ D=/root/fwe
+ R=/workspace/out/eva_vet
+ mkdir -p /workspace/out /workspace/out/eva_vet
+ python3 -m pip install -q einops packaging tokenizers huggingface_hub datasets pytest pyarrow 'transformers>=4.48'
+ tail -1
+ nvidia-smi --query-gpu=name,memory.total --format=csv,noheader
NVIDIA A100-SXM4-80GB, 81920 MiB
+ python3 -m pytest -q tests/models/test_gts_l.py
+ tail -3
=========================== short test summary info ============================
FAILED tests/models/test_gts_l.py::test_padding_mask_hides_padding[cuda] - As...
1 failed, 4 passed in 58.73s
+ for i in 1 2
+ '[' -f /root/fwe/meta.json ']'
+ timeout 25m python3 scripts/mohawk_distill.py prep --out /root/fwe --workers 14
downloading sample/10BT/000_00000.parquet ...
Warning: You are sending unauthenticated requests to the HF Hub. Please set a HF_TOKEN to enable higher rate limits and faster downloads.
  726,000 documents in 726 row groups; tokenising with 14 workers (4 s)
Warning: You are sending unauthenticated requests to the HF Hub. Please set a HF_TOKEN to enable higher rate limits and faster downloads.
Warning: You are sending unauthenticated requests to the HF Hub. Please set a HF_TOKEN to enable higher rate limits and faster downloads.
Warning: You are sending unauthenticated requests to the HF Hub. Please set a HF_TOKEN to enable higher rate limits and faster downloads.
Warning: You are sending unauthenticated requests to the HF Hub. Please set a HF_TOKEN to enable higher rate limits and faster downloads.
Warning: You are sending unauthenticated requests to the HF Hub. Please set a HF_TOKEN to enable higher rate limits and faster downloads.
Warning: You are sending unauthenticated requests to the HF Hub. Please set a HF_TOKEN to enable higher rate limits and faster downloads.
Warning: You are sending unauthenticated requests to the HF Hub. Please set a HF_TOKEN to enable higher rate limits and faster downloads.
Warning: You are sending unauthenticated requests to the HF Hub. Please set a HF_TOKEN to enable higher rate limits and faster downloads.
Warning: You are sending unauthenticated requests to the HF Hub. Please set a HF_TOKEN to enable higher rate limits and faster downloads.
Warning: You are sending unauthenticated requests to the HF Hub. Please set a HF_TOKEN to enable higher rate limits and faster downloads.
Warning: You are sending unauthenticated requests to the HF Hub. Please set a HF_TOKEN to enable higher rate limits and faster downloads.
Warning: You are sending unauthenticated requests to the HF Hub. Please set a HF_TOKEN to enable higher rate limits and faster downloads.
Warning: You are sending unauthenticated requests to the HF Hub. Please set a HF_TOKEN to enable higher rate limits and faster downloads.
Warning: You are sending unauthenticated requests to the HF Hub. Please set a HF_TOKEN to enable higher rate limits and faster downloads.
sample/10BT/000_00000.parquet: 726,000 documents, 749,757,239 tokens so far (113 s)
train 747,757,239 tokens, val 2,000,000 (114 s)
+ for i in 1 2
+ '[' -f /root/fwe/meta.json ']'
+ ARGS='--data /root/fwe --out /workspace/out/eva_vet --stage1-tokens 14e6 --stage2-tokens 47e6 --stage3-tokens 125e6 --ckpt-minutes 5 --eval-minutes 20 --log-every 50 --price-per-hour 1.59'
+ timeout 25m python3 scripts/mohawk_distill.py train --data /root/fwe --out /workspace/out/eva_vet --stage1-tokens 14e6 --stage2-tokens 47e6 --stage3-tokens 125e6 --ckpt-minutes 5 --eval-minutes 20 --log-every 50 --price-per-hour 1.59
+ tee -a /workspace/out/eva_vet/train.log
Warning: You are sending unauthenticated requests to the HF Hub. Please set a HF_TOKEN to enable higher rate limits and faster downloads.
teacher answerdotai/ModernBERT-large; student GTS-L 405.4M parameters (GTSLConfig(vocab_size=50368, d_model=1024, n_layer=28, n_heads=16, d_state=64, deep_trees=4, deep_depth=9, ternary_group=128, act_bits=8, norm_eps=1e-05, chunk_size=256, pad_token_id=50283)); data 747,757,239 training tokens; budgets 14M / 47M / 125M tokens
== stage1: 14M tokens, from 0.0M
  [stage1] step      3       0.0M / 14M tokens     10,977 tokens/s  $40.24 per 1B tokens  matrix_rel 15.8978  0.0 min, ~0.4 h left in stage
  [stage1] step     50       0.2M / 14M tokens     15,417 tokens/s  $28.65 per 1B tokens  matrix_rel 3.0755  0.2 min, ~0.2 h left in stage
  [stage1] step    100       0.4M / 14M tokens     15,624 tokens/s  $28.27 per 1B tokens  matrix_rel 0.9472  0.4 min, ~0.2 h left in stage
  [stage1] step    150       0.6M / 14M tokens     15,692 tokens/s  $28.15 per 1B tokens  matrix_rel 0.6655  0.7 min, ~0.2 h left in stage
  [stage1] step    200       0.8M / 14M tokens     15,728 tokens/s  $28.08 per 1B tokens  matrix_rel 0.5714  0.9 min, ~0.2 h left in stage
  [stage1] step    250       1.0M / 14M tokens     15,748 tokens/s  $28.05 per 1B tokens  matrix_rel 0.5452  1.1 min, ~0.2 h left in stage
  [stage1] step    300       1.2M / 14M tokens     15,759 tokens/s  $28.03 per 1B tokens  matrix_rel 0.5220  1.3 min, ~0.2 h left in stage
  [stage1] step    350       1.4M / 14M tokens     15,770 tokens/s  $28.01 per 1B tokens  matrix_rel 0.4741  1.5 min, ~0.2 h left in stage
  [stage1] step    400       1.6M / 14M tokens     15,779 tokens/s  $27.99 per 1B tokens  matrix_rel 0.4581  1.7 min, ~0.2 h left in stage
  [stage1] step    450       1.8M / 14M tokens     15,786 tokens/s  $27.98 per 1B tokens  matrix_rel 0.4129  1.9 min, ~0.2 h left in stage
  [stage1] step    500       2.0M / 14M tokens     15,790 tokens/s  $27.97 per 1B tokens  matrix_rel 0.4084  2.2 min, ~0.2 h left in stage
  [stage1] step    550       2.3M / 14M tokens     15,794 tokens/s  $27.96 per 1B tokens  matrix_rel 0.4110  2.4 min, ~0.2 h left in stage
  [stage1] step    600       2.5M / 14M tokens     15,798 tokens/s  $27.96 per 1B tokens  matrix_rel 0.3852  2.6 min, ~0.2 h left in stage
  [stage1] step    650       2.7M / 14M tokens     15,800 tokens/s  $27.95 per 1B tokens  matrix_rel 0.3869  2.8 min, ~0.2 h left in stage
  [stage1] step    700       2.9M / 14M tokens     15,803 tokens/s  $27.95 per 1B tokens  matrix_rel 0.4123  3.0 min, ~0.2 h left in stage
  [stage1] step    750       3.1M / 14M tokens     15,805 tokens/s  $27.94 per 1B tokens  matrix_rel 0.3660  3.2 min, ~0.2 h left in stage
  [stage1] step    800       3.3M / 14M tokens     15,807 tokens/s  $27.94 per 1B tokens  matrix_rel 0.3607  3.5 min, ~0.2 h left in stage
  [stage1] step    850       3.5M / 14M tokens     15,806 tokens/s  $27.94 per 1B tokens  matrix_rel 0.3515  3.7 min, ~0.2 h left in stage
  [stage1] step    900       3.7M / 14M tokens     15,802 tokens/s  $27.95 per 1B tokens  matrix_rel 0.3630  3.9 min, ~0.2 h left in stage
  [stage1] step    950       3.9M / 14M tokens     15,801 tokens/s  $27.95 per 1B tokens  matrix_rel 0.3505  4.1 min, ~0.2 h left in stage
  [stage1] step   1000       4.1M / 14M tokens     15,800 tokens/s  $27.95 per 1B tokens  matrix_rel 0.3474  4.3 min, ~0.2 h left in stage
  [stage1] step   1050       4.3M / 14M tokens     15,799 tokens/s  $27.96 per 1B tokens  matrix_rel 0.3341  4.5 min, ~0.2 h left in stage
  [stage1] step   1100       4.5M / 14M tokens     15,800 tokens/s  $27.95 per 1B tokens  matrix_rel 0.3363  4.8 min, ~0.2 h left in stage
  [stage1] step   1150       4.7M / 14M tokens     15,801 tokens/s  $27.95 per 1B tokens  matrix_rel 0.3308  5.0 min, ~0.2 h left in stage
  [stage1] step   1200       4.9M / 14M tokens     15,729 tokens/s  $28.08 per 1B tokens  matrix_rel 0.3334  5.2 min, ~0.2 h left in stage
  [stage1] step   1250       5.1M / 14M tokens     15,734 tokens/s  $28.07 per 1B tokens  matrix_rel 0.3220  5.4 min, ~0.2 h left in stage
  [stage1] step   1300       5.3M / 14M tokens     15,737 tokens/s  $28.06 per 1B tokens  matrix_rel 0.3020  5.6 min, ~0.2 h left in stage
  [stage1] step   1350       5.5M / 14M tokens     15,740 tokens/s  $28.06 per 1B tokens  matrix_rel 0.3071  5.9 min, ~0.1 h left in stage
  [stage1] step   1400       5.7M / 14M tokens     15,743 tokens/s  $28.05 per 1B tokens  matrix_rel 0.3017  6.1 min, ~0.1 h left in stage
  [stage1] step   1450       5.9M / 14M tokens     15,747 tokens/s  $28.05 per 1B tokens  matrix_rel 0.3292  6.3 min, ~0.1 h left in stage
  [stage1] step   1500       6.1M / 14M tokens     15,750 tokens/s  $28.04 per 1B tokens  matrix_rel 0.3127  6.5 min, ~0.1 h left in stage
  [stage1] step   1550       6.3M / 14M tokens     15,752 tokens/s  $28.04 per 1B tokens  matrix_rel 0.3045  6.7 min, ~0.1 h left in stage
  [stage1] step   1600       6.6M / 14M tokens     15,755 tokens/s  $28.03 per 1B tokens  matrix_rel 0.2966  6.9 min, ~0.1 h left in stage
  [stage1] step   1650       6.8M / 14M tokens     15,757 tokens/s  $28.03 per 1B tokens  matrix_rel 0.3138  7.1 min, ~0.1 h left in stage
  [stage1] step   1700       7.0M / 14M tokens     15,760 tokens/s  $28.02 per 1B tokens  matrix_rel 0.2928  7.4 min, ~0.1 h left in stage
  [stage1] step   1750       7.2M / 14M tokens     15,762 tokens/s  $28.02 per 1B tokens  matrix_rel 0.2861  7.6 min, ~0.1 h left in stage
  [stage1] step   1800       7.4M / 14M tokens     15,764 tokens/s  $28.02 per 1B tokens  matrix_rel 0.2938  7.8 min, ~0.1 h left in stage
  [stage1] step   1850       7.6M / 14M tokens     15,766 tokens/s  $28.01 per 1B tokens  matrix_rel 0.2785  8.0 min, ~0.1 h left in stage
  [stage1] step   1900       7.8M / 14M tokens     15,768 tokens/s  $28.01 per 1B tokens  matrix_rel 0.2859  8.2 min, ~0.1 h left in stage
  [stage1] step   1950       8.0M / 14M tokens     15,770 tokens/s  $28.01 per 1B tokens  matrix_rel 0.2846  8.4 min, ~0.1 h left in stage
  [stage1] step   2000       8.2M / 14M tokens     15,771 tokens/s  $28.01 per 1B tokens  matrix_rel 0.2809  8.7 min, ~0.1 h left in stage
  [stage1] step   2050       8.4M / 14M tokens     15,772 tokens/s  $28.00 per 1B tokens  matrix_rel 0.2869  8.9 min, ~0.1 h left in stage
  [stage1] step   2100       8.6M / 14M tokens     15,772 tokens/s  $28.00 per 1B tokens  matrix_rel 0.2950  9.1 min, ~0.1 h left in stage
  [stage1] step   2150       8.8M / 14M tokens     15,771 tokens/s  $28.01 per 1B tokens  matrix_rel 0.2763  9.3 min, ~0.1 h left in stage
  [stage1] step   2200       9.0M / 14M tokens     15,771 tokens/s  $28.00 per 1B tokens  matrix_rel 0.2860  9.5 min, ~0.1 h left in stage
  [stage1] step   2250       9.2M / 14M tokens     15,772 tokens/s  $28.00 per 1B tokens  matrix_rel 0.2796  9.7 min, ~0.1 h left in stage
  [stage1] step   2300       9.4M / 14M tokens     15,772 tokens/s  $28.00 per 1B tokens  matrix_rel 0.2823  10.0 min, ~0.1 h left in stage
  [stage1] step   2350       9.6M / 14M tokens     15,732 tokens/s  $28.08 per 1B tokens  matrix_rel 0.2798  10.2 min, ~0.1 h left in stage
  [stage1] step   2400       9.8M / 14M tokens     15,734 tokens/s  $28.07 per 1B tokens  matrix_rel 0.2783  10.4 min, ~0.1 h left in stage
  [stage1] step   2450      10.0M / 14M tokens     15,736 tokens/s  $28.07 per 1B tokens  matrix_rel 0.2733  10.6 min, ~0.1 h left in stage
  [stage1] step   2500      10.2M / 14M tokens     15,738 tokens/s  $28.06 per 1B tokens  matrix_rel 0.2678  10.8 min, ~0.1 h left in stage
  [stage1] step   2550      10.4M / 14M tokens     15,740 tokens/s  $28.06 per 1B tokens  matrix_rel 0.2735  11.1 min, ~0.1 h left in stage
  [stage1] step   2600      10.6M / 14M tokens     15,741 tokens/s  $28.06 per 1B tokens  matrix_rel 0.2698  11.3 min, ~0.1 h left in stage
  [stage1] step   2650      10.9M / 14M tokens     15,743 tokens/s  $28.05 per 1B tokens  matrix_rel 0.2692  11.5 min, ~0.1 h left in stage
  [stage1] step   2700      11.1M / 14M tokens     15,745 tokens/s  $28.05 per 1B tokens  matrix_rel 0.2700  11.7 min, ~0.1 h left in stage
  [stage1] step   2750      11.3M / 14M tokens     15,746 tokens/s  $28.05 per 1B tokens  matrix_rel 0.2736  11.9 min, ~0.0 h left in stage
  [stage1] step   2800      11.5M / 14M tokens     15,748 tokens/s  $28.05 per 1B tokens  matrix_rel 0.2726  12.1 min, ~0.0 h left in stage
  [stage1] step   2850      11.7M / 14M tokens     15,749 tokens/s  $28.04 per 1B tokens  matrix_rel 0.2727  12.4 min, ~0.0 h left in stage
  [stage1] step   2900      11.9M / 14M tokens     15,751 tokens/s  $28.04 per 1B tokens  matrix_rel 0.2682  12.6 min, ~0.0 h left in stage
  [stage1] step   2950      12.1M / 14M tokens     15,752 tokens/s  $28.04 per 1B tokens  matrix_rel 0.2739  12.8 min, ~0.0 h left in stage
  [stage1] step   3000      12.3M / 14M tokens     15,754 tokens/s  $28.04 per 1B tokens  matrix_rel 0.2819  13.0 min, ~0.0 h left in stage
  [stage1] step   3050      12.5M / 14M tokens     15,755 tokens/s  $28.03 per 1B tokens  matrix_rel 0.2682  13.2 min, ~0.0 h left in stage
  [stage1] step   3100      12.7M / 14M tokens     15,756 tokens/s  $28.03 per 1B tokens  matrix_rel 0.2583  13.4 min, ~0.0 h left in stage
  [stage1] step   3150      12.9M / 14M tokens     15,757 tokens/s  $28.03 per 1B tokens  matrix_rel 0.2590  13.6 min, ~0.0 h left in stage
  [stage1] step   3200      13.1M / 14M tokens     15,759 tokens/s  $28.03 per 1B tokens  matrix_rel 0.2599  13.9 min, ~0.0 h left in stage
  [stage1] step   3250      13.3M / 14M tokens     15,760 tokens/s  $28.03 per 1B tokens  matrix_rel 0.2585  14.1 min, ~0.0 h left in stage
  [stage1] step   3300      13.5M / 14M tokens     15,761 tokens/s  $28.02 per 1B tokens  matrix_rel 0.2551  14.3 min, ~0.0 h left in stage
  [stage1] step   3350      13.7M / 14M tokens     15,762 tokens/s  $28.02 per 1B tokens  matrix_rel 0.2625  14.5 min, ~0.0 h left in stage
  [stage1] step   3400      13.9M / 14M tokens     15,763 tokens/s  $28.02 per 1B tokens  matrix_rel 0.2585  14.7 min, ~0.0 h left in stage
  [stage1] step   3418      14.0M / 14M tokens     15,763 tokens/s  $28.02 per 1B tokens  matrix_rel 0.2522  14.8 min, ~-0.0 h left in stage
== stage2: 47M tokens, from 0.0M
  [stage2] step      3       0.0M / 47M tokens        722 tokens/s  $611.60 per 1B tokens  attn_rel 0.3406  mlp_rel 1.0017  1.1 min, ~18.1 h left in stage
  [stage2] step     50       0.8M / 47M tokens      8,343 tokens/s  $52.94 per 1B tokens  attn_rel 0.2647  mlp_rel 0.9736  1.6 min, ~1.5 h left in stage
  [stage2] step    100       1.6M / 47M tokens     12,580 tokens/s  $35.11 per 1B tokens  attn_rel 0.2426  mlp_rel 0.8562  2.2 min, ~1.0 h left in stage
  [stage2] step    150       2.5M / 47M tokens     15,142 tokens/s  $29.17 per 1B tokens  attn_rel 0.3147  mlp_rel 0.7214  2.7 min, ~0.8 h left in stage
  [stage2] step    200       3.3M / 47M tokens     16,847 tokens/s  $26.22 per 1B tokens  attn_rel 0.2384  mlp_rel 0.6367  3.2 min, ~0.7 h left in stage
  [stage2] step    250       4.1M / 47M tokens     18,079 tokens/s  $24.43 per 1B tokens  attn_rel 0.2634  mlp_rel 0.5857  3.8 min, ~0.7 h left in stage
  [stage2] step    300       4.9M / 47M tokens     19,004 tokens/s  $23.24 per 1B tokens  attn_rel 0.2874  mlp_rel 0.5332  4.3 min, ~0.6 h left in stage
  [stage2] step    350       5.7M / 47M tokens     19,726 tokens/s  $22.39 per 1B tokens  attn_rel 0.2761  mlp_rel 0.4830  4.8 min, ~0.6 h left in stage
  [stage2] step    400       6.6M / 47M tokens     20,100 tokens/s  $21.97 per 1B tokens  attn_rel 0.2863  mlp_rel 0.4511  5.4 min, ~0.6 h left in stage
  [stage2] step    450       7.4M / 47M tokens     20,587 tokens/s  $21.45 per 1B tokens  attn_rel 0.2742  mlp_rel 0.4192  6.0 min, ~0.5 h left in stage
  [stage2] step    500       8.2M / 47M tokens     20,993 tokens/s  $21.04 per 1B tokens  attn_rel 0.2168  mlp_rel 0.3922  6.5 min, ~0.5 h left in stage
  [stage2] step    550       9.0M / 47M tokens     21,339 tokens/s  $20.70 per 1B tokens  attn_rel 0.2041  mlp_rel 0.3759  7.0 min, ~0.5 h left in stage
  [stage2] step    600       9.8M / 47M tokens     21,635 tokens/s  $20.41 per 1B tokens  attn_rel 0.2344  mlp_rel 0.3662  7.6 min, ~0.5 h left in stage
  [stage2] step    650      10.6M / 47M tokens     21,892 tokens/s  $20.17 per 1B tokens  attn_rel 0.3404  mlp_rel 0.3451  8.1 min, ~0.5 h left in stage
  [stage2] step    700      11.5M / 47M tokens     22,118 tokens/s  $19.97 per 1B tokens  attn_rel 0.2323  mlp_rel 0.3370  8.6 min, ~0.4 h left in stage
  [stage2] step    750      12.3M / 47M tokens     22,317 tokens/s  $19.79 per 1B tokens  attn_rel 0.2076  mlp_rel 0.3350  9.2 min, ~0.4 h left in stage
  [stage2] step    800      13.1M / 47M tokens     22,494 tokens/s  $19.64 per 1B tokens  attn_rel 0.2198  mlp_rel 0.3283  9.7 min, ~0.4 h left in stage
+ echo '=== killed after 25 minutes; resuming ==='
=== killed after 25 minutes; resuming ===
+ python3 scripts/mohawk_distill.py train --data /root/fwe --out /workspace/out/eva_vet --stage1-tokens 14e6 --stage2-tokens 47e6 --stage3-tokens 125e6 --ckpt-minutes 5 --eval-minutes 20 --log-every 50 --price-per-hour 1.59
+ tee -a /workspace/out/eva_vet/train.log
resuming: stage stage2, step 365, 6.0M tokens into it; done ['stage1']
teacher answerdotai/ModernBERT-large; student GTS-L 405.4M parameters (GTSLConfig(vocab_size=50368, d_model=1024, n_layer=28, n_heads=16, d_state=64, deep_trees=4, deep_depth=9, ternary_group=128, act_bits=8, norm_eps=1e-05, chunk_size=256, pad_token_id=50283)); data 747,757,239 training tokens; budgets 14M / 47M / 125M tokens
== stage2: 47M tokens, from 6.0M
  [stage2] step    400       6.6M / 47M tokens     15,052 tokens/s  $29.34 per 1B tokens  attn_rel 0.2863  mlp_rel 0.4511  0.6 min, ~0.7 h left in stage
  [stage2] step    450       7.4M / 47M tokens     19,859 tokens/s  $22.24 per 1B tokens  attn_rel 0.2741  mlp_rel 0.4192  1.2 min, ~0.6 h left in stage
  [stage2] step    500       8.2M / 47M tokens     21,651 tokens/s  $20.40 per 1B tokens  attn_rel 0.2153  mlp_rel 0.3922  1.7 min, ~0.5 h left in stage
  [stage2] step    550       9.0M / 47M tokens     22,586 tokens/s  $19.56 per 1B tokens  attn_rel 0.2050  mlp_rel 0.3759  2.2 min, ~0.5 h left in stage
  [stage2] step    600       9.8M / 47M tokens     23,160 tokens/s  $19.07 per 1B tokens  attn_rel 0.2318  mlp_rel 0.3662  2.8 min, ~0.4 h left in stage
  [stage2] step    650      10.6M / 47M tokens     23,547 tokens/s  $18.76 per 1B tokens  attn_rel 0.3823  mlp_rel 0.3449  3.3 min, ~0.4 h left in stage
  [stage2] step    700      11.5M / 47M tokens     23,827 tokens/s  $18.54 per 1B tokens  attn_rel 0.2388  mlp_rel 0.3370  3.8 min, ~0.4 h left in stage
  [stage2] step    750      12.3M / 47M tokens     24,034 tokens/s  $18.38 per 1B tokens  attn_rel 0.2032  mlp_rel 0.3348  4.4 min, ~0.4 h left in stage
  [stage2] step    800      13.1M / 47M tokens     24,197 tokens/s  $18.25 per 1B tokens  attn_rel 0.2334  mlp_rel 0.3282  4.9 min, ~0.4 h left in stage
  [stage2] step    850      13.9M / 47M tokens     24,091 tokens/s  $18.33 per 1B tokens  attn_rel 0.1985  mlp_rel 0.3257  5.5 min, ~0.4 h left in stage
  [stage2] step    900      14.7M / 47M tokens     24,214 tokens/s  $18.24 per 1B tokens  attn_rel 0.2008  mlp_rel 0.3322  6.0 min, ~0.4 h left in stage
  [stage2] step    950      15.6M / 47M tokens     24,324 tokens/s  $18.16 per 1B tokens  attn_rel 0.2006  mlp_rel 0.3200  6.6 min, ~0.4 h left in stage
  [stage2] step   1000      16.4M / 47M tokens     24,418 tokens/s  $18.09 per 1B tokens  attn_rel 0.4014  mlp_rel 0.3213  7.1 min, ~0.3 h left in stage
  [stage2] step   1050      17.2M / 47M tokens     24,499 tokens/s  $18.03 per 1B tokens  attn_rel 0.2016  mlp_rel 0.3122  7.6 min, ~0.3 h left in stage
  [stage2] step   1100      18.0M / 47M tokens     24,568 tokens/s  $17.98 per 1B tokens  attn_rel 0.2385  mlp_rel 0.3180  8.2 min, ~0.3 h left in stage
  [stage2] step   1150      18.8M / 47M tokens     24,630 tokens/s  $17.93 per 1B tokens  attn_rel 0.4136  mlp_rel 0.3128  8.7 min, ~0.3 h left in stage
  [stage2] step   1200      19.7M / 47M tokens     24,683 tokens/s  $17.89 per 1B tokens  attn_rel 0.2070  mlp_rel 0.3122  9.2 min, ~0.3 h left in stage
  [stage2] step   1250      20.5M / 47M tokens     24,732 tokens/s  $17.86 per 1B tokens  attn_rel 0.1986  mlp_rel 0.3124  9.8 min, ~0.3 h left in stage
  [stage2] step   1300      21.3M / 47M tokens     24,647 tokens/s  $17.92 per 1B tokens  attn_rel 0.2575  mlp_rel 0.3131  10.4 min, ~0.3 h left in stage
  [stage2] step   1350      22.1M / 47M tokens     24,691 tokens/s  $17.89 per 1B tokens  attn_rel 0.2149  mlp_rel 0.3075  10.9 min, ~0.3 h left in stage
  [stage2] step   1400      22.9M / 47M tokens     24,732 tokens/s  $17.86 per 1B tokens  attn_rel 0.1869  mlp_rel 0.3055  11.4 min, ~0.3 h left in stage
  [stage2] step   1450      23.8M / 47M tokens     24,767 tokens/s  $17.83 per 1B tokens  attn_rel 0.1873  mlp_rel 0.3026  12.0 min, ~0.3 h left in stage
  [stage2] step   1500      24.6M / 47M tokens     24,801 tokens/s  $17.81 per 1B tokens  attn_rel 0.1804  mlp_rel 0.3060  12.5 min, ~0.3 h left in stage
  [stage2] step   1550      25.4M / 47M tokens     24,832 tokens/s  $17.79 per 1B tokens  attn_rel 0.1918  mlp_rel 0.3013  13.0 min, ~0.2 h left in stage
  [stage2] step   1600      26.2M / 47M tokens     24,861 tokens/s  $17.77 per 1B tokens  attn_rel 0.1969  mlp_rel 0.3016  13.6 min, ~0.2 h left in stage
  [stage2] step   1650      27.0M / 47M tokens     24,888 tokens/s  $17.75 per 1B tokens  attn_rel 0.1856  mlp_rel 0.2929  14.1 min, ~0.2 h left in stage
  [stage2] step   1700      27.9M / 47M tokens     24,912 tokens/s  $17.73 per 1B tokens  attn_rel 0.1766  mlp_rel 0.2974  14.6 min, ~0.2 h left in stage
  [stage2] step   1750      28.7M / 47M tokens     24,857 tokens/s  $17.77 per 1B tokens  attn_rel 0.1998  mlp_rel 0.2910  15.2 min, ~0.2 h left in stage
  [stage2] step   1800      29.5M / 47M tokens     24,881 tokens/s  $17.75 per 1B tokens  attn_rel 0.1958  mlp_rel 0.2877  15.7 min, ~0.2 h left in stage
  [stage2] step   1850      30.3M / 47M tokens     24,903 tokens/s  $17.74 per 1B tokens  attn_rel 0.2149  mlp_rel 0.2933  16.3 min, ~0.2 h left in stage
  [stage2] step   1900      31.1M / 47M tokens     24,924 tokens/s  $17.72 per 1B tokens  attn_rel 0.1909  mlp_rel 0.2879  16.8 min, ~0.2 h left in stage
  [stage2] step   1950      31.9M / 47M tokens     24,944 tokens/s  $17.71 per 1B tokens  attn_rel 0.1796  mlp_rel 0.2868  17.4 min, ~0.2 h left in stage
  [stage2] step   2000      32.8M / 47M tokens     24,963 tokens/s  $17.69 per 1B tokens  attn_rel 0.1792  mlp_rel 0.2796  17.9 min, ~0.2 h left in stage
  [stage2] step   2050      33.6M / 47M tokens     24,981 tokens/s  $17.68 per 1B tokens  attn_rel 0.2196  mlp_rel 0.2820  18.4 min, ~0.1 h left in stage
  [stage2] step   2100      34.4M / 47M tokens     24,997 tokens/s  $17.67 per 1B tokens  attn_rel 0.1939  mlp_rel 0.2910  19.0 min, ~0.1 h left in stage
  [stage2] step   2150      35.2M / 47M tokens     25,013 tokens/s  $17.66 per 1B tokens  attn_rel 0.1837  mlp_rel 0.2879  19.5 min, ~0.1 h left in stage
  [stage2] step   2200      36.0M / 47M tokens     24,963 tokens/s  $17.69 per 1B tokens  attn_rel 0.2034  mlp_rel 0.2812  20.1 min, ~0.1 h left in stage
  [stage2] step   2250      36.9M / 47M tokens     24,978 tokens/s  $17.68 per 1B tokens  attn_rel 0.1846  mlp_rel 0.2868  20.6 min, ~0.1 h left in stage
  [stage2] step   2300      37.7M / 47M tokens     24,991 tokens/s  $17.67 per 1B tokens  attn_rel 0.1766  mlp_rel 0.2748  21.1 min, ~0.1 h left in stage
  [stage2] step   2350      38.5M / 47M tokens     25,006 tokens/s  $17.66 per 1B tokens  attn_rel 0.1769  mlp_rel 0.2842  21.7 min, ~0.1 h left in stage
  [stage2] step   2400      39.3M / 47M tokens     25,019 tokens/s  $17.65 per 1B tokens  attn_rel 0.1863  mlp_rel 0.2778  22.2 min, ~0.1 h left in stage
  [stage2] step   2450      40.1M / 47M tokens     25,031 tokens/s  $17.64 per 1B tokens  attn_rel 0.1847  mlp_rel 0.2781  22.7 min, ~0.1 h left in stage
  [stage2] step   2500      41.0M / 47M tokens     25,043 tokens/s  $17.64 per 1B tokens  attn_rel 0.2044  mlp_rel 0.2795  23.3 min, ~0.1 h left in stage
  [stage2] step   2550      41.8M / 47M tokens     25,054 tokens/s  $17.63 per 1B tokens  attn_rel 0.1927  mlp_rel 0.2806  23.8 min, ~0.1 h left in stage
  [stage2] step   2600      42.6M / 47M tokens     25,064 tokens/s  $17.62 per 1B tokens  attn_rel 0.1751  mlp_rel 0.2675  24.3 min, ~0.0 h left in stage
  [stage2] step   2650      43.4M / 47M tokens     25,074 tokens/s  $17.61 per 1B tokens  attn_rel 0.2493  mlp_rel 0.2750  24.9 min, ~0.0 h left in stage
  [stage2] step   2700      44.2M / 47M tokens     25,037 tokens/s  $17.64 per 1B tokens  attn_rel 0.1787  mlp_rel 0.2753  25.5 min, ~0.0 h left in stage
  [stage2] step   2750      45.1M / 47M tokens     25,046 tokens/s  $17.63 per 1B tokens  attn_rel 0.1650  mlp_rel 0.2737  26.0 min, ~0.0 h left in stage
  [stage2] step   2800      45.9M / 47M tokens     25,056 tokens/s  $17.63 per 1B tokens  attn_rel 0.1587  mlp_rel 0.2737  26.5 min, ~0.0 h left in stage
  [stage2] step   2850      46.7M / 47M tokens     25,064 tokens/s  $17.62 per 1B tokens  attn_rel 0.1608  mlp_rel 0.2754  27.1 min, ~0.0 h left in stage
  [stage2] step   2869      47.0M / 47M tokens     25,068 tokens/s  $17.62 per 1B tokens  attn_rel 0.1554  mlp_rel 0.2763  27.3 min, ~-0.0 h left in stage
  eval before stage 3: s_ce 21.4806  t_ce 1.2878  kl 20.2675  agree 0.0001
== stage3: 125M tokens, from 0.0M
  [stage3] step      3       0.0M / 125M tokens     13,832 tokens/s  $31.93 per 1B tokens  kl 20.1251  ce 21.4108  quant 0.0000  hid_rel 475.4340  0.1 min, ~2.5 h left in stage
  [stage3] step     50       0.8M / 125M tokens     21,741 tokens/s  $20.32 per 1B tokens  kl 7.0660  ce 8.2531  quant 0.0000  hid_rel 1.6898  0.6 min, ~1.6 h left in stage
  [stage3] step    100       1.6M / 125M tokens     22,240 tokens/s  $19.86 per 1B tokens  kl 4.8131  ce 6.0238  quant 0.0000  hid_rel 0.6897  1.2 min, ~1.5 h left in stage
  [stage3] step    150       2.5M / 125M tokens     22,415 tokens/s  $19.70 per 1B tokens  kl 3.8108  ce 5.0533  quant 0.0000  hid_rel 0.6101  1.8 min, ~1.5 h left in stage
  [stage3] step    200       3.3M / 125M tokens     22,505 tokens/s  $19.63 per 1B tokens  kl 3.3407  ce 4.6161  quant 0.0000  hid_rel 0.5693  2.4 min, ~1.5 h left in stage
  [stage3] step    250       4.1M / 125M tokens     22,558 tokens/s  $19.58 per 1B tokens  kl 3.0388  ce 4.3339  quant 0.0000  hid_rel 0.5524  3.0 min, ~1.5 h left in stage
  [stage3] step    300       4.9M / 125M tokens     22,594 tokens/s  $19.55 per 1B tokens  kl 2.9443  ce 4.1608  quant 0.0000  hid_rel 0.5434  3.6 min, ~1.5 h left in stage
  [stage3] step    350       5.7M / 125M tokens     22,605 tokens/s  $19.54 per 1B tokens  kl 2.6978  ce 3.8682  quant 0.0000  hid_rel 0.5879  4.2 min, ~1.5 h left in stage
  [stage3] step    400       6.6M / 125M tokens     22,660 tokens/s  $19.49 per 1B tokens  kl 2.6342  ce 3.9438  quant 0.0000  4.8 min, ~1.5 h left in stage
  [stage3] step    450       7.4M / 125M tokens     22,521 tokens/s  $19.61 per 1B tokens  kl 2.5675  ce 3.8126  quant 0.0000  5.5 min, ~1.5 h left in stage
  [stage3] step    500       8.2M / 125M tokens     22,621 tokens/s  $19.52 per 1B tokens  kl 2.5893  ce 3.7665  quant 0.0000  6.0 min, ~1.4 h left in stage
  [stage3] step    550       9.0M / 125M tokens     22,705 tokens/s  $19.45 per 1B tokens  kl 2.3209  ce 3.5123  quant 0.0000  6.6 min, ~1.4 h left in stage
  [stage3] step    600       9.8M / 125M tokens     22,774 tokens/s  $19.39 per 1B tokens  kl 2.2907  ce 3.5534  quant 0.0000  7.2 min, ~1.4 h left in stage
  [stage3] step    650      10.6M / 125M tokens     22,834 tokens/s  $19.34 per 1B tokens  kl 2.3056  ce 3.6013  quant 0.0000  7.8 min, ~1.4 h left in stage
  [stage3] step    700      11.5M / 125M tokens     22,885 tokens/s  $19.30 per 1B tokens  kl 2.2323  ce 3.5368  quant 0.0000  8.4 min, ~1.4 h left in stage
  [stage3] step    750      12.3M / 125M tokens     22,928 tokens/s  $19.26 per 1B tokens  kl 2.2666  ce 3.5366  quant 0.0000  8.9 min, ~1.4 h left in stage
  [stage3] step    800      13.1M / 125M tokens     22,968 tokens/s  $19.23 per 1B tokens  kl 2.1626  ce 3.4136  quant 0.0000  9.5 min, ~1.4 h left in stage
  [stage3] step    850      13.9M / 125M tokens     22,885 tokens/s  $19.30 per 1B tokens  kl 2.2151  ce 3.5102  quant 0.0000  10.1 min, ~1.3 h left in stage
  [stage3] step    900      14.7M / 125M tokens     22,923 tokens/s  $19.27 per 1B tokens  kl 2.0218  ce 3.2143  quant 0.0000  10.7 min, ~1.3 h left in stage
  [stage3] step    950      15.6M / 125M tokens     22,949 tokens/s  $19.25 per 1B tokens  kl 2.9351  ce 4.1653  quant 0.0000  11.3 min, ~1.3 h left in stage
  [stage3] step   1000      16.4M / 125M tokens     22,980 tokens/s  $19.22 per 1B tokens  kl 2.0094  ce 3.3627  quant 0.0000  11.9 min, ~1.3 h left in stage
  [stage3] step   1050      17.2M / 125M tokens     23,007 tokens/s  $19.20 per 1B tokens  kl 1.9220  ce 3.2350  quant 0.0000  12.5 min, ~1.3 h left in stage
  [stage3] step   1100      18.0M / 125M tokens     23,032 tokens/s  $19.18 per 1B tokens  kl 2.0380  ce 3.2617  quant 0.0000  13.0 min, ~1.3 h left in stage
  [stage3] step   1150      18.8M / 125M tokens     23,055 tokens/s  $19.16 per 1B tokens  kl 2.1605  ce 3.4298  quant 0.0000  13.6 min, ~1.3 h left in stage
  [stage3] step   1200      19.7M / 125M tokens     23,076 tokens/s  $19.14 per 1B tokens  kl 1.8896  ce 3.1347  quant 0.0000  14.2 min, ~1.3 h left in stage
  [stage3] step   1250      20.5M / 125M tokens     23,096 tokens/s  $19.12 per 1B tokens  kl 1.8598  ce 3.0600  quant 0.0000  14.8 min, ~1.3 h left in stage
  [stage3] step   1300      21.3M / 125M tokens     23,044 tokens/s  $19.17 per 1B tokens  kl 2.2026  ce 3.5835  quant 0.0000  15.4 min, ~1.3 h left in stage
  [stage3] step   1350      22.1M / 125M tokens     23,063 tokens/s  $19.15 per 1B tokens  kl 8.6795  ce 9.8157  quant 0.0000  16.0 min, ~1.2 h left in stage
  [stage3] step   1400      22.9M / 125M tokens     23,081 tokens/s  $19.14 per 1B tokens  kl 6.8743  ce 8.1008  quant 0.0000  16.6 min, ~1.2 h left in stage
  [stage3] step   1450      23.8M / 125M tokens     23,098 tokens/s  $19.12 per 1B tokens  kl 7.4908  ce 8.7179  quant 0.0000  17.1 min, ~1.2 h left in stage
  [stage3] step   1500      24.6M / 125M tokens     23,114 tokens/s  $19.11 per 1B tokens  kl 6.9652  ce 8.1489  quant 0.0000  17.7 min, ~1.2 h left in stage
  [stage3] step   1550      25.4M / 125M tokens     23,129 tokens/s  $19.10 per 1B tokens  kl 7.0928  ce 8.3330  quant 0.0000  18.3 min, ~1.2 h left in stage
  [stage3] step   1600      26.2M / 125M tokens     23,143 tokens/s  $19.08 per 1B tokens  kl 6.8179  ce 8.1253  quant 0.0000  18.9 min, ~1.2 h left in stage
  [stage3] step   1650      27.0M / 125M tokens     23,154 tokens/s  $19.07 per 1B tokens  kl 6.6073  ce 7.9007  quant 0.0000  19.5 min, ~1.2 h left in stage
  eval (quant 0.00): s_ce 7.8537  t_ce 1.2878  kl 6.6503  agree 0.0392
  [stage3] step   1700      27.9M / 125M tokens     23,047 tokens/s  $19.16 per 1B tokens  kl 6.7053  ce 8.0351  quant 0.0000  20.1 min, ~1.2 h left in stage
  [stage3] step   1750      28.7M / 125M tokens     23,061 tokens/s  $19.15 per 1B tokens  kl 6.5782  ce 7.8369  quant 0.0000  20.7 min, ~1.2 h left in stage
  [stage3] step   1800      29.5M / 125M tokens     23,073 tokens/s  $19.14 per 1B tokens  kl 6.4649  ce 7.6688  quant 0.0000  21.3 min, ~1.1 h left in stage
  [stage3] step   1850      30.3M / 125M tokens     23,083 tokens/s  $19.13 per 1B tokens  kl 6.5696  ce 7.9161  quant 0.0000  21.9 min, ~1.1 h left in stage
  [stage3] step   1900      31.1M / 125M tokens     23,095 tokens/s  $19.12 per 1B tokens  kl 6.5192  ce 7.7533  quant 0.0000  22.5 min, ~1.1 h left in stage
  [stage3] step   1950      31.9M / 125M tokens     23,107 tokens/s  $19.11 per 1B tokens  kl 6.4559  ce 7.6888  quant 0.0000  23.0 min, ~1.1 h left in stage
  [stage3] step   2000      32.8M / 125M tokens     23,119 tokens/s  $19.10 per 1B tokens  kl 6.4736  ce 7.6975  quant 0.0000  23.6 min, ~1.1 h left in stage
  [stage3] step   2050      33.6M / 125M tokens     23,130 tokens/s  $19.09 per 1B tokens  kl 6.5587  ce 7.8362  quant 0.0000  24.2 min, ~1.1 h left in stage
  [stage3] step   2100      34.4M / 125M tokens     23,141 tokens/s  $19.09 per 1B tokens  kl 6.4513  ce 7.7832  quant 0.0000  24.8 min, ~1.1 h left in stage
  [stage3] step   2150      35.2M / 125M tokens     23,105 tokens/s  $19.12 per 1B tokens  kl 6.5646  ce 7.6939  quant 0.0000  25.4 min, ~1.1 h left in stage
  [stage3] step   2200      36.0M / 125M tokens     23,116 tokens/s  $19.11 per 1B tokens  kl 6.4731  ce 7.7754  quant 0.0000  26.0 min, ~1.1 h left in stage
  [stage3] step   2250      36.9M / 125M tokens     23,126 tokens/s  $19.10 per 1B tokens  kl 6.6490  ce 7.9448  quant 0.0000  26.6 min, ~1.1 h left in stage
